testinvalid.md:1:15:Prose.ZeroRelativePronoun:A noun followed by a pronoun and a verb may be an object-relative clause without 'that' or 'which'. Such a clause compresses a relationship into a noun phrase: rewrite it as a prepositional phrase or its own sentence, and add 'that' or 'which' only when the clause does nothing but identify the noun.
testinvalid.md:3:5:Prose.ZeroRelativePronoun:A noun followed by a pronoun and a verb may be an object-relative clause without 'that' or 'which'. Such a clause compresses a relationship into a noun phrase: rewrite it as a prepositional phrase or its own sentence, and add 'that' or 'which' only when the clause does nothing but identify the noun.
testinvalid.md:5:5:Prose.ZeroRelativePronoun:A noun followed by a pronoun and a verb may be an object-relative clause without 'that' or 'which'. Such a clause compresses a relationship into a noun phrase: rewrite it as a prepositional phrase or its own sentence, and add 'that' or 'which' only when the clause does nothing but identify the noun.
