testinvalid.md:1:15:Prose.ZeroRelativePronoun:A noun followed by a pronoun and a verb reads as a clause squeezed into a noun phrase. State the relationship as a plain clause, a prepositional phrase or its own sentence.
testinvalid.md:3:5:Prose.ZeroRelativePronoun:A noun followed by a pronoun and a verb reads as a clause squeezed into a noun phrase. State the relationship as a plain clause, a prepositional phrase or its own sentence.
testinvalid.md:5:5:Prose.ZeroRelativePronoun:A noun followed by a pronoun and a verb reads as a clause squeezed into a noun phrase. State the relationship as a plain clause, a prepositional phrase or its own sentence.
