testinvalid.md:1:1:Prose.WarningVerbGerunds:'Naming' is a general verb; the relationship has its own word: contains, keeps, includes, lists, specifies, decides, is.
testinvalid.md:1:39:Prose.WarningVerbGerunds:'holding' is a general verb; the relationship has its own word: contains, keeps, includes, lists, specifies, decides, is.
