testinvalid.md:1:32:Prose.ZeroRelative:This noun phrase has a clause squeezed inside it, so the relationship between the two nouns is left for the reader to reconstruct. State the relationship as a plain clause, a prepositional phrase or its own sentence.
testinvalid.md:3:1:Prose.ZeroRelative:This noun phrase has a clause squeezed inside it, so the relationship between the two nouns is left for the reader to reconstruct. State the relationship as a plain clause, a prepositional phrase or its own sentence.
