testinvalid.md:1:35:Prose.ZeroRelativeNamed:A noun followed by a name and a verb may be an object-relative clause without 'that' or 'which'. Such a clause compresses a relationship into a noun phrase: rewrite it as a prepositional phrase or its own sentence, and add the pronoun only when the clause does nothing but identify the noun.
