testinvalid.md:1:11:Prose.BritishSpelling:British English writes 'colours' where 'colors' is the American spelling.
testinvalid.md:3:7:Prose.BritishSpelling:British English writes 'licence' where 'license' is the American spelling.
testinvalid.md:5:5:Prose.BritishSpelling:British English writes 'colour' where 'color' is the American spelling.
testinvalid.md:12:18:Prose.BritishSpelling:British English writes 'colour' where 'color' is the American spelling.
