testinvalid.md:1:5:Prose.ZeroRelativeBare:A compound noun followed by a determiner, a noun and a verb reads as a clause squeezed into a noun phrase. State the relationship as a plain clause, a prepositional phrase or its own sentence.
testinvalid.md:3:1:Prose.ZeroRelativeBare:A compound noun followed by a determiner, a noun and a verb reads as a clause squeezed into a noun phrase. State the relationship as a plain clause, a prepositional phrase or its own sentence.
testinvalid.md:5:1:Prose.ZeroRelativeBare:A compound noun followed by a determiner, a noun and a verb reads as a clause squeezed into a noun phrase. State the relationship as a plain clause, a prepositional phrase or its own sentence.
