testinvalid.md:1:23:Prose.EmDash:A dash joins two clauses loosely; a comma, a colon, parentheses or a second sentence says which relationship is meant.
testinvalid.md:1:74:Prose.EmDash:A dash joins two clauses loosely; a comma, a colon, parentheses or a second sentence says which relationship is meant.
